// Jest Snapshot v1, https://goo.gl/fbAQLP

exports[`AppThemedTextInput renders correctly and matches snapshot 1`] = `
<View
  style={
    [
      {
        "backgroundColor": "#fff",
      },
      [
        {
          "alignItems": "center",
          "borderColor": "#ccc",
          "borderRadius": 10.714285714285714,
          "borderWidth": 2.142857142857143,
          "flexDirection": "row",
          "marginBottom": 21.428571428571427,
          "paddingHorizontal": 21.428571428571427,
          "width": "80%",
        },
        undefined,
      ],
    ]
  }
>
  <TextInput
    onBlur={[Function]}
    onChangeText={[Function]}
    placeholder="Enter text"
    placeholderTextColor="#999"
    secureTextEntry={false}
    style={
      [
        {
          "flex": 1,
          "padding": 21.428571428571427,
        },
        {
          "backgroundColor": "#fff",
          "color": "#000",
        },
        undefined,
      ]
    }
    value=""
  />
</View>
`;
