// Jest Snapshot v1, https://goo.gl/fbAQLP

exports[`LoadingSpinner renders correctly with the given props 1`] = `
<View
  style={
    [
      {
        "backgroundColor": "#151718",
      },
      {
        "alignItems": "center",
        "display": "flex",
        "flex": 1,
        "flexDirection": "column",
        "justifyContent": "center",
      },
    ]
  }
>
  <ActivityIndicator
    color="red"
    size="small"
  />
</View>
`;
